[www.spring-invest.com/index.html]
[backblue.gif]
[fade.gif]
[index.html]
[www.spring-invest.com/favicon.ico]
[a.storyblok.com/f/125099/1200x630/9a542b3fbe/card.png]
[www.spring-invest.com/_next/static/css/3667a944534815e89c76.css]
[www.spring-invest.com/_next/static/css/774e562178526c48ad5b.css]
[www.spring-invest.com/_next/static/chunks/polyfills-a40ef1678bae11e696dba45124eadd70.js]
[www.spring-invest.com/_next/static/chunks/webpack-483a2d4fb3ade84a5d64.js]
[www.spring-invest.com/_next/static/chunks/framework-895f067827ebe11ffe45.js]
[www.spring-invest.com/_next/static/chunks/main-c4f2541b93e4ae8b71f8.js]
[www.spring-invest.com/_next/static/chunks/pages/_app-de66b94607c7a792f59e.js]
[www.spring-invest.com/_next/static/chunks/ea88be26-ce84a7cc58b6c1ef0481.js]
[www.spring-invest.com/_next/static/chunks/2fbf9dd2-54160e805c6bb2bed12f.js]
[www.spring-invest.com/_next/static/chunks/96-b750d6963b7c1c773577.js]
[www.spring-invest.com/_next/static/chunks/370-bc4d1fd6698dd7e9070f.js]
[www.spring-invest.com/_next/static/chunks/pages/[[...slug]]-b5e877b489620c973fc5.js]
[www.spring-invest.com/_next/static/9wC8Et_UV61x5ss5ha9yN/_buildManifest.js]
[www.spring-invest.com/_next/static/9wC8Et_UV61x5ss5ha9yN/_ssgManifest.js]
[www.spring-invest.com/our-offer.html]
[www.spring-invest.com/investment-thesis.html]
[www.spring-invest.com/portfolio.html]
[www.spring-invest.com/team.html]
[www.spring-invest.com/nextimg/https_/a.storyblok.com/f/125099/984x556/98cdf5ca65/frame-1199.png/3840/75ab8b.png]
[www.spring-invest.com/nextimg/https_/a.storyblok.com/f/125099/480x270/118042111e/french-retailtech.jpg/3840/75c95d.jpg]
[www.spring-invest.com/nextimg/https_/a.storyblok.com/f/125099/960x566/096bd66723/iepf2.jpg/3840/75ac04.jpg]
[www.spring-invest.com/nextimg/https_/a.storyblok.com/f/125099/2256x1275/232d9073d6/image1.png/3840/7530e3.png]
[www.spring-invest.com/nextimg/https_/a.storyblok.com/f/125099/2256x1275/0116c486e7/nl-17012022.png/3840/750ea9.png]
[www.spring-invest.com/nextimg/https_/a.storyblok.com/f/125099/2256x1275/809935b8c4/frame-0212.png/3840/756a0a.png]
[www.spring-invest.com/nextimg/https_/a.storyblok.com/f/125099/650x405/d3060419bb/co-founders-datahawk.jpg/3840/75b5e9.jpg]
[www.spring-invest.com/nextimg/https_/a.storyblok.com/f/125099/1280x720/c89ff8044f/onvb.jpeg/3840/7559c9.jpg]
[www.spring-invest.com/nextimg/https_/a.storyblok.com/f/125099/984x556/6881f21259/frame-1191.png/3840/75ce45.png]
[www.spring-invest.com/nextimg/https_/a.storyblok.com/f/125099/984x556/8c4f1cbf19/frame-1193.png/3840/75cfc0.png]
[www.spring-invest.com/nextimg/https_/a.storyblok.com/f/125099/984x556/6b0ac91fe6/frame-1194.png/3840/757208.png]
[www.spring-invest.com/nextimg/https_/a.storyblok.com/f/125099/984x556/769e0d40e2/frame-1195.png/3840/759530.png]
[www.spring-invest.com/nextimg/https_/a.storyblok.com/f/125099/984x556/1d86764ae0/frame-1196.png/3840/75b3fd.png]
[www.spring-invest.com/nextimg/https_/a.storyblok.com/f/125099/984x556/0af386c4c3/frame-1197.png/3840/757eb8.png]
[www.spring-invest.com/nextimg/https_/a.storyblok.com/f/125099/984x556/7867d61bb6/frame-1198.png/3840/754761.png]
[www.spring-invest.com/index.html]
[www.spring-invest.com/legal-notice.html]
[www.spring-invest.com/fonts/GalanoGrotesqueAlt-Medium.woff2]
[www.spring-invest.com/fonts/GalanoGrotesqueAlt-Medium.woff]
[www.spring-invest.com/fonts/GalanoGrotesqueAlt-Medium.ttf]
[www.spring-invest.com/fonts/GalanoGrotesqueAlt-Medium.otf]
[www.spring-invest.com/fonts/GalanoGrotesque-Italic.woff2]
[www.spring-invest.com/fonts/GalanoGrotesque-Italic.woff]
[www.spring-invest.com/fonts/GalanoGrotesque-Italic.ttf]
[www.spring-invest.com/fonts/GalanoGrotesque-Italic.otf]
[www.spring-invest.com/fonts/GalanoGrotesque-Medium.woff2]
[www.spring-invest.com/fonts/GalanoGrotesque-Medium.woff]
[www.spring-invest.com/fonts/GalanoGrotesque-Medium.ttf]
[www.spring-invest.com/fonts/GalanoGrotesque-Medium.otf]
[www.spring-invest.com/fonts/GalanoGrotesque-Regular.woff2]
[www.spring-invest.com/fonts/GalanoGrotesque-Regular.woff]
[www.spring-invest.com/fonts/GalanoGrotesque-Regular.ttf]
[www.spring-invest.com/fonts/GalanoGrotesque-Regular.otf]
[www.spring-invest.com/fonts/GalanoGrotesque-SemiBold.woff2]
[www.spring-invest.com/fonts/GalanoGrotesque-SemiBold.woff]
[www.spring-invest.com/fonts/GalanoGrotesque-SemiBold.ttf]
[www.spring-invest.com/fonts/GalanoGrotesque-SemiBold.otf]
[www.spring-invest.com/_next/static/css/3667a944534815e89c76.css]
[www.spring-invest.com/_next/static/media/ajax-loader.fb6f3c230cb846e25247dfaa1da94d8f.gif]
[www.spring-invest.com/_next/static/media/slick.a4e97f5a2a64f0ab132323fbeb33ae29.eot]
[www.spring-invest.com/_next/static/media/slick.a4e97f5a2a64f0ab132323fbeb33ae29d41d.eot]
[www.spring-invest.com/_next/static/media/slick.295183786cd8a138986521d9f388a286.woff]
[www.spring-invest.com/_next/static/media/slick.c94f7671dcc99dce43e22a89f486f7c2.ttf]
[www.spring-invest.com/_next/static/media/slick.2630a3e3eab21c607e21576571b95b9d.svg]
[www.spring-invest.com/_next/static/css/774e562178526c48ad5b.css]
[www.spring-invest.com/_next/static/image/public/svg/quote.ab74647a05b78f921db7c664a795bb46f16a.svg]
[www.spring-invest.com/our-offer.html]
[www.spring-invest.com/investment-thesis.html]
[www.spring-invest.com/nextimg/https_/a.storyblok.com/f/125099/909x909/430f1156e6/cabaia-2.png/640/754cc6.png]
[www.spring-invest.com/nextimg/https_/a.storyblok.com/f/125099/1473x373/7bb1885824/acolyt.png/640/7525c0.png]
[www.spring-invest.com/nextimg/https_/a.storyblok.com/f/125099/955x417/c7d5117f68/logo-datahawk2.png/640/75e44c.png]
[www.spring-invest.com/nextimg/https_/a.storyblok.com/f/125099/890x516/554ee35c04/logo-easypicky.png/640/750828.png]
[www.spring-invest.com/nextimg/https_/a.storyblok.com/f/125099/842x346/033dc3bf0c/smala.jpg/640/75b897.jpg]
[www.spring-invest.com/nextimg/https_/a.storyblok.com/f/125099/650x649/5f48597585/add14.png/640/7592fa.png]
[www.spring-invest.com/portfolio.html]
[www.spring-invest.com/nextimg/https_/a.storyblok.com/f/125099/2121x2121/73461407d0/portrait-xavier.jpg/3840/7597d4.jpg]
[www.spring-invest.com/nextimg/https_/a.storyblok.com/f/125099/2405x2405/58886325b3/portrait-laurent.jpg/3840/7546c8.jpg]
[www.spring-invest.com/nextimg/https_/a.storyblok.com/f/125099/1996x1996/86249e322b/portrait-alexandre.jpg/3840/757853.jpg]
[www.spring-invest.com/nextimg/https_/a.storyblok.com/f/125099/5472x3648/bee8c1db11/dsc01018.JPG/3840/75f2dc.jpg]
[www.spring-invest.com/team.html]
[www.spring-invest.com/_next/static/image/public/svg/arrow-right.fdf39462d8e6f69af37b3c944c140c71b7ee.svg]
[www.spring-invest.com/legal-notice.html]
[www.spring-invest.com/_next/static/media/top_layer.914dc73ca0368efa7389f78958e768a6.svg]
[www.spring-invest.com/_next/static/media/bg_bottom_mobile.56c228005f3596695e3cf232eeee16bf.svg]
[www.spring-invest.com/_next/static/media/slick.2630a3e3eab21c607e21576571b95b9d.svg]
[www.spring-invest.com/_next/static/media/arrow-right.fdf39462d8e6f69af37b3c944c140c71.svg]
[www.spring-invest.com/_next/static/image/public/svg/quote.ab74647a05b78f921db7c664a795bb46f16a.svg]
[www.spring-invest.com/_next/static/image/public/svg/arrow-right__light.91bfc75f6d1d2aaffac9aab02826de519227.svg]
[www.spring-invest.com/_next/static/image/public/svg/world.23d26ca9c874e5e7c0db053fdf5ab7accc98.svg]
